Microsoft (R) Macro Assembler Version 14.33.31630.0	    10/11/22 17:17:13
test4.asm						     Page 1 - 1


				.586P
				.MODEL FLAT, STDCALL
				includelib kernel32.lib

				ExitProcess PROTO : DWORD
				.STACK 4096

 00000000			.CONST

 00000000 0000000F		FILEUINT	 DD 15

 00000000			.DATA

 00000000 0000000E		FILEINT	 DD 14

 00000000			.CODE

 00000000			main PROC

 00000000  6A FF		push - 1

 00000002  E8 00000000 E	call ExitProcess
 00000007			main ENDP

				end main
Microsoft (R) Macro Assembler Version 14.33.31630.0	    10/11/22 17:17:13
test4.asm						     Symbols 2 - 1




Segments and Groups:

                N a m e                 Size     Length   Align   Combine Class

CONST  . . . . . . . . . . . . .	32 Bit	 00000004 Para	  Public  'CONST'	 ReadOnly
FLAT . . . . . . . . . . . . . .	GROUP
STACK  . . . . . . . . . . . . .	32 Bit	 00001000 Para	  Stack	  'STACK'	 
_DATA  . . . . . . . . . . . . .	32 Bit	 00000004 Para	  Public  'DATA'	
_TEXT  . . . . . . . . . . . . .	32 Bit	 00000007 Para	  Public  'CODE'	


Procedures, parameters, and locals:

                N a m e                 Type     Value    Attr

ExitProcess  . . . . . . . . . .	P Near	 00000000 FLAT	Length= 00000000 External STDCALL
main . . . . . . . . . . . . . .	P Near	 00000000 _TEXT	Length= 00000007 Public STDCALL


Symbols:

                N a m e                 Type     Value    Attr

@CodeSize  . . . . . . . . . . .	Number	 00000000h   
@DataSize  . . . . . . . . . . .	Number	 00000000h   
@Interface . . . . . . . . . . .	Number	 00000003h   
@Model . . . . . . . . . . . . .	Number	 00000007h   
@code  . . . . . . . . . . . . .	Text   	 _TEXT
@data  . . . . . . . . . . . . .	Text   	 FLAT
@fardata?  . . . . . . . . . . .	Text   	 FLAT
@fardata . . . . . . . . . . . .	Text   	 FLAT
@stack . . . . . . . . . . . . .	Text   	 FLAT
FILEINT  . . . . . . . . . . . .	DWord	 00000000 _DATA	
FILEUINT . . . . . . . . . . . .	DWord	 00000000 CONST	

	   0 Warnings
	   0 Errors
